// Jest Snapshot v1, https://goo.gl/fbAQLP

exports[`renders the UI as expected 1`] = `
<div>
  4/11/2020, 5:37:17 PM
</div>
`;
